[2024-09-04T22:08:43.125+0300][info][gc] Using G1
[2024-09-04T22:08:47.272+0300][info][gc] GC(0) Pause Young (Normal) (G1 Evacuation Pause) 4M->2M(12M) 2.629ms
[2024-09-04T22:08:47.301+0300][info][gc] GC(1) Pause Young (Normal) (G1 Evacuation Pause) 3M->2M(12M) 1.567ms
[2024-09-04T22:08:47.315+0300][info][gc] GC(2) Pause Young (Normal) (G1 Evacuation Pause) 3M->2M(12M) 0.636ms
[2024-09-04T22:08:47.342+0300][info][gc] GC(3) Pause Young (Normal) (G1 Evacuation Pause) 4M->3M(12M) 0.909ms
[2024-09-04T22:08:47.380+0300][info][gc] GC(4) Pause Young (Normal) (G1 Evacuation Pause) 5M->3M(12M) 1.325ms
[2024-09-04T22:08:47.406+0300][info][gc] GC(5) Pause Young (Normal) (G1 Evacuation Pause) 6M->3M(12M) 0.923ms
[2024-09-04T22:08:47.497+0300][info][gc] GC(6) Pause Young (Normal) (G1 Evacuation Pause) 6M->3M(12M) 0.774ms
[2024-09-04T22:08:47.615+0300][info][gc] GC(7) Pause Young (Normal) (G1 Evacuation Pause) 6M->4M(12M) 1.559ms
[2024-09-04T22:08:48.195+0300][info][gc] GC(8) Pause Young (Normal) (G1 Evacuation Pause) 6M->4M(12M) 2.263ms
[2024-09-04T22:08:59.680+0300][info][gc] GC(9) Pause Young (Normal) (G1 Evacuation Pause) 6M->4M(12M) 1.087ms
[2024-09-04T22:09:15.683+0300][info][gc] GC(10) Pause Young (Normal) (G1 Evacuation Pause) 6M->4M(12M) 0.906ms
[2024-09-04T22:09:31.691+0300][info][gc] GC(11) Pause Young (Normal) (G1 Evacuation Pause) 6M->4M(12M) 1.012ms
[2024-09-04T22:09:48.704+0300][info][gc] GC(12) Pause Young (Normal) (G1 Evacuation Pause) 6M->4M(12M) 0.974ms
[2024-09-04T22:10:10.715+0300][info][gc] GC(13) Pause Young (Normal) (G1 Evacuation Pause) 7M->4M(12M) 0.955ms
[2024-09-04T22:10:37.710+0300][info][gc] GC(14) Pause Young (Normal) (G1 Evacuation Pause) 7M->4M(12M) 0.991ms
[2024-09-04T22:11:03.746+0300][info][gc] GC(15) Pause Young (Normal) (G1 Evacuation Pause) 7M->4M(12M) 1.008ms
[2024-09-04T22:11:12.563+0300][info][gc] GC(16) Pause Young (Concurrent Start) (G1 Humongous Allocation) 5M->4M(12M) 1.159ms
[2024-09-04T22:11:12.563+0300][info][gc] GC(17) Concurrent Undo Cycle
[2024-09-04T22:11:12.564+0300][info][gc] GC(17) Concurrent Undo Cycle 0.105ms
[2024-09-04T22:11:38.768+0300][info][gc] GC(18) Pause Young (Normal) (G1 Evacuation Pause) 8M->5M(12M) 1.042ms
[2024-09-04T22:11:56.749+0300][info][gc] GC(19) Pause Young (Concurrent Start) (G1 Evacuation Pause) 7M->5M(12M) 1.093ms
[2024-09-04T22:11:56.749+0300][info][gc] GC(20) Concurrent Mark Cycle
[2024-09-04T22:11:56.755+0300][info][gc] GC(20) Pause Remark 5M->5M(12M) 3.083ms
[2024-09-04T22:11:56.756+0300][info][gc] GC(20) Pause Cleanup 5M->5M(12M) 0.018ms
[2024-09-04T22:11:56.756+0300][info][gc] GC(20) Concurrent Mark Cycle 7.066ms
[2024-09-04T22:12:13.788+0300][info][gc] GC(21) Pause Young (Normal) (G1 Evacuation Pause) 7M->5M(12M) 1.241ms
[2024-09-04T22:12:31.802+0300][info][gc] GC(22) Pause Young (Concurrent Start) (G1 Evacuation Pause) 7M->5M(12M) 1.056ms
[2024-09-04T22:12:31.802+0300][info][gc] GC(23) Concurrent Mark Cycle
[2024-09-04T22:12:31.806+0300][info][gc] GC(23) Pause Remark 5M->5M(12M) 1.808ms
[2024-09-04T22:12:31.807+0300][info][gc] GC(23) Pause Cleanup 5M->5M(12M) 0.018ms
[2024-09-04T22:12:31.807+0300][info][gc] GC(23) Concurrent Mark Cycle 5.453ms
[2024-09-04T22:12:49.815+0300][info][gc] GC(24) Pause Young (Normal) (G1 Evacuation Pause) 7M->5M(12M) 1.071ms
[2024-09-04T22:13:04.123+0300][info][gc] GC(25) Pause Young (Concurrent Start) (G1 Humongous Allocation) 7M->5M(12M) 1.167ms
[2024-09-04T22:13:04.123+0300][info][gc] GC(26) Concurrent Mark Cycle
[2024-09-04T22:13:04.127+0300][info][gc] GC(26) Pause Remark 6M->6M(12M) 1.805ms
[2024-09-04T22:13:04.128+0300][info][gc] GC(26) Pause Cleanup 6M->6M(12M) 0.021ms
[2024-09-04T22:13:04.128+0300][info][gc] GC(26) Concurrent Mark Cycle 5.253ms
[2024-09-04T22:13:21.835+0300][info][gc] GC(27) Pause Young (Normal) (G1 Evacuation Pause) 8M->5M(12M) 1.113ms
[2024-09-04T22:13:39.847+0300][info][gc] GC(28) Pause Young (Concurrent Start) (G1 Evacuation Pause) 7M->5M(12M) 0.830ms
[2024-09-04T22:13:39.847+0300][info][gc] GC(29) Concurrent Mark Cycle
[2024-09-04T22:13:39.853+0300][info][gc] GC(29) Pause Remark 5M->5M(12M) 2.911ms
[2024-09-04T22:13:39.854+0300][info][gc] GC(29) Pause Cleanup 5M->5M(12M) 0.019ms
[2024-09-04T22:13:39.854+0300][info][gc] GC(29) Concurrent Mark Cycle 6.548ms
[2024-09-04T22:13:55.857+0300][info][gc] GC(30) Pause Young (Normal) (G1 Evacuation Pause) 7M->5M(12M) 0.682ms
[2024-09-04T22:14:12.819+0300][info][gc] GC(31) Pause Young (Concurrent Start) (G1 Evacuation Pause) 7M->5M(12M) 0.795ms
[2024-09-04T22:14:12.819+0300][info][gc] GC(32) Concurrent Mark Cycle
[2024-09-04T22:14:12.824+0300][info][gc] GC(32) Pause Remark 5M->5M(12M) 3.280ms
[2024-09-04T22:14:12.826+0300][info][gc] GC(32) Pause Cleanup 5M->5M(12M) 0.021ms
[2024-09-04T22:14:12.826+0300][info][gc] GC(32) Concurrent Mark Cycle 6.806ms
[2024-09-04T22:14:25.875+0300][info][gc] GC(33) Pause Young (Normal) (G1 Evacuation Pause) 7M->5M(12M) 0.698ms
[2024-09-04T22:14:43.833+0300][info][gc] GC(34) Pause Young (Concurrent Start) (G1 Evacuation Pause) 7M->5M(12M) 0.692ms
[2024-09-04T22:14:43.833+0300][info][gc] GC(35) Concurrent Mark Cycle
[2024-09-04T22:14:43.837+0300][info][gc] GC(35) Pause Remark 5M->5M(12M) 2.049ms
[2024-09-04T22:14:43.838+0300][info][gc] GC(35) Pause Cleanup 5M->5M(12M) 0.019ms
[2024-09-04T22:14:43.838+0300][info][gc] GC(35) Concurrent Mark Cycle 5.758ms
[2024-09-04T22:15:00.892+0300][info][gc] GC(36) Pause Young (Normal) (G1 Evacuation Pause) 7M->5M(12M) 0.536ms
[2024-09-04T22:15:18.848+0300][info][gc] GC(37) Pause Young (Concurrent Start) (G1 Evacuation Pause) 7M->5M(12M) 0.562ms
[2024-09-04T22:15:18.848+0300][info][gc] GC(38) Concurrent Mark Cycle
[2024-09-04T22:15:18.853+0300][info][gc] GC(38) Pause Remark 5M->5M(12M) 2.364ms
[2024-09-04T22:15:18.854+0300][info][gc] GC(38) Pause Cleanup 5M->5M(12M) 0.018ms
[2024-09-04T22:15:18.854+0300][info][gc] GC(38) Concurrent Mark Cycle 6.003ms
[2024-09-04T22:15:35.916+0300][info][gc] GC(39) Pause Young (Normal) (G1 Evacuation Pause) 7M->5M(12M) 0.559ms
[2024-09-04T22:15:43.899+0300][info][gc] GC(40) Pause Young (Concurrent Start) (G1 Humongous Allocation) 6M->5M(12M) 0.598ms
[2024-09-04T22:15:43.899+0300][info][gc] GC(41) Concurrent Mark Cycle
[2024-09-04T22:15:43.904+0300][info][gc] GC(41) Pause Remark 7M->7M(12M) 2.781ms
[2024-09-04T22:15:43.905+0300][info][gc] GC(41) Pause Cleanup 8M->8M(12M) 0.017ms
[2024-09-04T22:15:43.905+0300][info][gc] GC(41) Concurrent Mark Cycle 6.240ms
[2024-09-04T22:15:43.908+0300][info][gc] GC(42) Pause Young (Normal) (G1 Evacuation Pause) 8M->6M(12M) 0.386ms
[2024-09-04T22:15:43.916+0300][info][gc] GC(43) Pause Young (Concurrent Start) (G1 Evacuation Pause) 7M->6M(12M) 0.340ms
[2024-09-04T22:15:43.916+0300][info][gc] GC(44) Concurrent Mark Cycle
[2024-09-04T22:15:43.920+0300][info][gc] GC(44) Pause Remark 6M->6M(12M) 2.566ms
[2024-09-04T22:15:43.921+0300][info][gc] GC(44) Pause Cleanup 7M->7M(12M) 0.017ms
[2024-09-04T22:15:43.921+0300][info][gc] GC(44) Concurrent Mark Cycle 5.663ms
[2024-09-04T22:15:43.924+0300][info][gc] GC(45) Pause Young (Normal) (G1 Evacuation Pause) 7M->6M(12M) 0.409ms
[2024-09-04T22:15:43.926+0300][info][gc] GC(46) Pause Young (Concurrent Start) (G1 Evacuation Pause) 7M->6M(12M) 0.433ms
[2024-09-04T22:15:43.926+0300][info][gc] GC(47) Concurrent Mark Cycle
[2024-09-04T22:15:43.928+0300][info][gc] GC(48) Pause Young (Normal) (G1 Evacuation Pause) 7M->6M(12M) 0.495ms
[2024-09-04T22:15:43.931+0300][info][gc] GC(47) Pause Remark 7M->7M(12M) 1.872ms
[2024-09-04T22:15:43.932+0300][info][gc] GC(47) Pause Cleanup 7M->7M(12M) 0.017ms
[2024-09-04T22:15:43.932+0300][info][gc] GC(47) Concurrent Mark Cycle 5.743ms
[2024-09-04T22:15:43.933+0300][info][gc] GC(49) Pause Young (Normal) (G1 Evacuation Pause) 7M->6M(12M) 0.317ms
[2024-09-04T22:15:43.934+0300][info][gc] GC(50) Pause Young (Concurrent Start) (G1 Evacuation Pause) 7M->6M(12M) 0.370ms
[2024-09-04T22:15:43.934+0300][info][gc] GC(51) Concurrent Mark Cycle
[2024-09-04T22:15:43.936+0300][info][gc] GC(52) Pause Young (Normal) (G1 Evacuation Pause) 7M->6M(12M) 0.360ms
[2024-09-04T22:15:43.938+0300][info][gc] GC(51) Pause Remark 7M->7M(12M) 1.566ms
[2024-09-04T22:15:43.939+0300][info][gc] GC(53) Pause Young (Normal) (G1 Evacuation Pause) 7M->6M(12M) 0.311ms
[2024-09-04T22:15:43.940+0300][info][gc] GC(51) Pause Cleanup 7M->7M(12M) 0.016ms
[2024-09-04T22:15:43.940+0300][info][gc] GC(51) Concurrent Mark Cycle 5.547ms
[2024-09-04T22:15:43.941+0300][info][gc] GC(54) Pause Young (Normal) (G1 Evacuation Pause) 7M->7M(12M) 0.332ms
[2024-09-04T22:15:43.942+0300][info][gc] GC(55) Pause Young (Concurrent Start) (G1 Evacuation Pause) 8M->7M(12M) 0.262ms
[2024-09-04T22:15:43.942+0300][info][gc] GC(56) Concurrent Mark Cycle
[2024-09-04T22:15:43.943+0300][info][gc] GC(57) Pause Young (Normal) (G1 Evacuation Pause) 8M->7M(12M) 0.245ms
[2024-09-04T22:15:43.947+0300][info][gc] GC(56) Pause Remark 7M->7M(12M) 2.336ms
[2024-09-04T22:15:43.947+0300][info][gc] GC(58) Pause Young (Normal) (G1 Evacuation Pause) 7M->7M(12M) 0.246ms
[2024-09-04T22:15:43.948+0300][info][gc] GC(56) Pause Cleanup 7M->7M(12M) 0.015ms
[2024-09-04T22:15:43.948+0300][info][gc] GC(56) Concurrent Mark Cycle 6.113ms
[2024-09-04T22:15:43.949+0300][info][gc] GC(59) Pause Young (Normal) (G1 Evacuation Pause) 8M->7M(12M) 0.291ms
[2024-09-04T22:15:43.950+0300][info][gc] GC(60) Pause Young (Concurrent Start) (G1 Evacuation Pause) 8M->7M(12M) 0.247ms
[2024-09-04T22:15:43.950+0300][info][gc] GC(61) Concurrent Mark Cycle
[2024-09-04T22:15:43.952+0300][info][gc] GC(62) Pause Young (Normal) (G1 Evacuation Pause) 8M->7M(12M) 0.175ms
[2024-09-04T22:15:43.954+0300][info][gc] GC(61) Pause Remark 8M->8M(12M) 1.376ms
[2024-09-04T22:15:43.954+0300][info][gc] GC(63) Pause Young (Normal) (G1 Evacuation Pause) 8M->7M(12M) 0.177ms
[2024-09-04T22:15:43.955+0300][info][gc] GC(61) Pause Cleanup 8M->8M(12M) 0.016ms
[2024-09-04T22:15:43.955+0300][info][gc] GC(61) Concurrent Mark Cycle 4.830ms
[2024-09-04T22:15:43.956+0300][info][gc] GC(64) Pause Young (Normal) (G1 Evacuation Pause) 8M->7M(12M) 0.173ms
[2024-09-04T22:15:43.957+0300][info][gc] GC(65) Pause Young (Concurrent Start) (G1 Evacuation Pause) 8M->7M(12M) 0.222ms
[2024-09-04T22:15:43.957+0300][info][gc] GC(66) Concurrent Mark Cycle
[2024-09-04T22:15:43.959+0300][info][gc] GC(67) Pause Young (Normal) (G1 Evacuation Pause) 8M->7M(12M) 0.201ms
[2024-09-04T22:15:43.961+0300][info][gc] GC(66) Pause Remark 8M->8M(12M) 1.355ms
[2024-09-04T22:15:43.962+0300][info][gc] GC(68) Pause Young (Normal) (G1 Evacuation Pause) 8M->7M(12M) 0.153ms
[2024-09-04T22:15:43.962+0300][info][gc] GC(66) Pause Cleanup 7M->7M(12M) 0.015ms
[2024-09-04T22:15:43.962+0300][info][gc] GC(66) Concurrent Mark Cycle 4.892ms
[2024-09-04T22:15:43.963+0300][info][gc] GC(69) Pause Young (Prepare Mixed) (G1 Evacuation Pause) 8M->7M(12M) 0.138ms
[2024-09-04T22:15:43.965+0300][info][gc] GC(70) Pause Young (Mixed) (G1 Preventive Collection) 8M->7M(12M) 0.947ms
[2024-09-04T22:15:43.966+0300][info][gc] GC(71) Pause Young (Concurrent Start) (G1 Evacuation Pause) 8M->7M(12M) 0.224ms
[2024-09-04T22:15:43.967+0300][info][gc] GC(72) Concurrent Mark Cycle
[2024-09-04T22:15:43.968+0300][info][gc] GC(73) Pause Young (Normal) (G1 Evacuation Pause) 8M->7M(12M) 0.194ms
[2024-09-04T22:15:43.970+0300][info][gc] GC(72) Pause Remark 8M->8M(12M) 1.521ms
[2024-09-04T22:15:43.971+0300][info][gc] GC(74) Pause Young (Normal) (G1 Evacuation Pause) 8M->7M(12M) 0.198ms
[2024-09-04T22:15:43.972+0300][info][gc] GC(72) Pause Cleanup 8M->8M(12M) 0.016ms
[2024-09-04T22:15:43.972+0300][info][gc] GC(72) Concurrent Mark Cycle 5.069ms
[2024-09-04T22:15:43.973+0300][info][gc] GC(75) Pause Young (Concurrent Start) (G1 Humongous Allocation) 8M->7M(12M) 0.249ms
[2024-09-04T22:15:43.973+0300][info][gc] GC(76) Concurrent Mark Cycle
[2024-09-04T22:15:43.976+0300][info][gc] GC(76) Pause Remark 8M->8M(12M) 1.329ms
[2024-09-04T22:15:43.977+0300][info][gc] GC(76) Pause Cleanup 8M->8M(12M) 0.015ms
[2024-09-04T22:15:43.977+0300][info][gc] GC(76) Concurrent Mark Cycle 4.346ms
[2024-09-04T22:15:51.929+0300][info][gc] GC(77) Pause Young (Normal) (G1 Evacuation Pause) 9M->5M(12M) 0.400ms
[2024-09-04T22:16:00.871+0300][info][gc] GC(78) Pause Young (Concurrent Start) (G1 Evacuation Pause) 6M->5M(12M) 0.472ms
[2024-09-04T22:16:00.871+0300][info][gc] GC(79) Concurrent Mark Cycle
[2024-09-04T22:16:00.876+0300][info][gc] GC(79) Pause Remark 5M->5M(12M) 3.030ms
[2024-09-04T22:16:00.878+0300][info][gc] GC(79) Pause Cleanup 5M->5M(12M) 0.020ms
[2024-09-04T22:16:00.878+0300][info][gc] GC(79) Concurrent Mark Cycle 6.673ms
[2024-09-04T22:16:05.875+0300][info][gc] GC(80) Pause Young (Normal) (G1 Evacuation Pause) 6M->6M(12M) 0.553ms
[2024-09-04T22:16:13.941+0300][info][gc] GC(81) Pause Young (Concurrent Start) (G1 Evacuation Pause) 7M->6M(12M) 0.522ms
[2024-09-04T22:16:13.941+0300][info][gc] GC(82) Concurrent Mark Cycle
[2024-09-04T22:16:13.947+0300][info][gc] GC(82) Pause Remark 6M->6M(12M) 3.254ms
[2024-09-04T22:16:13.949+0300][info][gc] GC(82) Pause Cleanup 6M->6M(12M) 0.018ms
[2024-09-04T22:16:13.949+0300][info][gc] GC(82) Concurrent Mark Cycle 7.364ms
[2024-09-04T22:16:31.951+0300][info][gc] GC(83) Pause Young (Normal) (G1 Evacuation Pause) 8M->5M(12M) 0.465ms
[2024-09-04T22:16:49.898+0300][info][gc] GC(84) Pause Young (Concurrent Start) (G1 Evacuation Pause) 7M->5M(12M) 0.500ms
[2024-09-04T22:16:49.898+0300][info][gc] GC(85) Concurrent Mark Cycle
[2024-09-04T22:16:49.902+0300][info][gc] GC(85) Pause Remark 5M->5M(12M) 2.023ms
[2024-09-04T22:16:49.903+0300][info][gc] GC(85) Pause Cleanup 5M->5M(12M) 0.017ms
[2024-09-04T22:16:49.903+0300][info][gc] GC(85) Concurrent Mark Cycle 5.548ms
[2024-09-04T22:17:07.973+0300][info][gc] GC(86) Pause Young (Normal) (G1 Evacuation Pause) 7M->5M(12M) 0.453ms
[2024-09-04T22:17:25.914+0300][info][gc] GC(87) Pause Young (Concurrent Start) (G1 Evacuation Pause) 7M->5M(12M) 0.507ms
[2024-09-04T22:17:25.914+0300][info][gc] GC(88) Concurrent Mark Cycle
[2024-09-04T22:17:25.918+0300][info][gc] GC(88) Pause Remark 5M->5M(12M) 2.113ms
[2024-09-04T22:17:25.920+0300][info][gc] GC(88) Pause Cleanup 5M->5M(12M) 0.018ms
[2024-09-04T22:17:25.920+0300][info][gc] GC(88) Concurrent Mark Cycle 5.794ms
[2024-09-04T22:17:43.926+0300][info][gc] GC(89) Pause Young (Normal) (G1 Evacuation Pause) 7M->5M(12M) 0.468ms
[2024-09-04T22:18:01.933+0300][info][gc] GC(90) Pause Young (Concurrent Start) (G1 Evacuation Pause) 7M->5M(12M) 0.479ms
[2024-09-04T22:18:01.934+0300][info][gc] GC(91) Concurrent Mark Cycle
[2024-09-04T22:18:01.938+0300][info][gc] GC(91) Pause Remark 5M->5M(12M) 1.959ms
[2024-09-04T22:18:01.939+0300][info][gc] GC(91) Pause Cleanup 5M->5M(12M) 0.017ms
[2024-09-04T22:18:01.939+0300][info][gc] GC(91) Concurrent Mark Cycle 5.417ms
[2024-09-04T22:18:19.943+0300][info][gc] GC(92) Pause Young (Normal) (G1 Evacuation Pause) 7M->5M(12M) 0.482ms
[2024-09-04T22:18:20.708+0300][info][gc] GC(93) Pause Young (Concurrent Start) (G1 Humongous Allocation) 6M->5M(12M) 0.495ms
[2024-09-04T22:18:20.708+0300][info][gc] GC(94) Concurrent Mark Cycle
[2024-09-04T22:18:20.712+0300][info][gc] GC(94) Pause Remark 6M->6M(12M) 2.072ms
[2024-09-04T22:18:20.713+0300][info][gc] GC(94) Pause Cleanup 6M->6M(12M) 0.019ms
[2024-09-04T22:18:20.713+0300][info][gc] GC(94) Concurrent Mark Cycle 5.452ms
[2024-09-04T22:18:39.024+0300][info][gc] GC(95) Pause Young (Normal) (G1 Evacuation Pause) 8M->6M(12M) 0.368ms
[2024-09-04T22:18:47.640+0300][info][gc] GC(96) Pause Young (Concurrent Start) (G1 Evacuation Pause) 7M->6M(12M) 0.393ms
[2024-09-04T22:18:47.640+0300][info][gc] GC(97) Concurrent Mark Cycle
[2024-09-04T22:18:47.644+0300][info][gc] GC(97) Pause Remark 7M->7M(12M) 2.881ms
[2024-09-04T22:18:47.645+0300][info][gc] GC(97) Pause Cleanup 7M->7M(12M) 0.017ms
[2024-09-04T22:18:47.645+0300][info][gc] GC(97) Concurrent Mark Cycle 5.779ms
[2024-09-04T22:18:54.029+0300][info][gc] GC(98) Pause Young (Normal) (G1 Evacuation Pause) 7M->6M(12M) 0.383ms
[2024-09-04T22:19:02.961+0300][info][gc] GC(99) Pause Young (Concurrent Start) (G1 Evacuation Pause) 7M->6M(12M) 0.419ms
[2024-09-04T22:19:02.961+0300][info][gc] GC(100) Concurrent Mark Cycle
[2024-09-04T22:19:02.965+0300][info][gc] GC(100) Pause Remark 6M->6M(12M) 1.576ms
[2024-09-04T22:19:02.966+0300][info][gc] GC(100) Pause Cleanup 6M->6M(12M) 0.015ms
[2024-09-04T22:19:02.966+0300][info][gc] GC(100) Concurrent Mark Cycle 4.643ms
[2024-09-04T22:19:11.044+0300][info][gc] GC(101) Pause Young (Normal) (G1 Evacuation Pause) 7M->6M(12M) 0.488ms
[2024-09-04T22:19:19.978+0300][info][gc] GC(102) Pause Young (Concurrent Start) (G1 Evacuation Pause) 7M->5M(12M) 0.514ms
[2024-09-04T22:19:19.978+0300][info][gc] GC(103) Concurrent Mark Cycle
[2024-09-04T22:19:19.983+0300][info][gc] GC(103) Pause Remark 5M->5M(12M) 3.058ms
[2024-09-04T22:19:19.984+0300][info][gc] GC(103) Pause Cleanup 5M->5M(12M) 0.020ms
[2024-09-04T22:19:19.984+0300][info][gc] GC(103) Concurrent Mark Cycle 6.624ms
[2024-09-04T22:19:37.064+0300][info][gc] GC(104) Pause Young (Normal) (G1 Evacuation Pause) 7M->5M(12M) 0.458ms
[2024-09-04T22:19:55.075+0300][info][gc] GC(105) Pause Young (Concurrent Start) (G1 Evacuation Pause) 7M->5M(12M) 0.495ms
[2024-09-04T22:19:55.075+0300][info][gc] GC(106) Concurrent Mark Cycle
[2024-09-04T22:19:55.080+0300][info][gc] GC(106) Pause Remark 6M->6M(12M) 2.946ms
[2024-09-04T22:19:55.081+0300][info][gc] GC(106) Pause Cleanup 6M->6M(12M) 0.017ms
[2024-09-04T22:19:55.081+0300][info][gc] GC(106) Concurrent Mark Cycle 6.537ms
[2024-09-04T22:20:12.082+0300][info][gc] GC(107) Pause Young (Normal) (G1 Evacuation Pause) 7M->5M(12M) 0.455ms
[2024-09-04T22:20:30.092+0300][info][gc] GC(108) Pause Young (Concurrent Start) (G1 Evacuation Pause) 7M->5M(12M) 0.491ms
[2024-09-04T22:20:30.092+0300][info][gc] GC(109) Concurrent Mark Cycle
[2024-09-04T22:20:30.097+0300][info][gc] GC(109) Pause Remark 6M->6M(12M) 3.007ms
[2024-09-04T22:20:30.099+0300][info][gc] GC(109) Pause Cleanup 6M->6M(12M) 0.019ms
[2024-09-04T22:20:30.099+0300][info][gc] GC(109) Concurrent Mark Cycle 6.611ms
