[0.005s][info][gc] Using Parallel
[1.026s][info][gc] GC(0) Pause Young (Allocation Failure) 3M->1M(11M) 2.052ms
[3.700s][info][gc] GC(1) Pause Young (Allocation Failure) 4M->2M(11M) 1.890ms
[3.736s][info][gc] GC(2) Pause Young (Allocation Failure) 5M->3M(11M) 1.179ms
[3.764s][info][gc] GC(3) Pause Young (Allocation Failure) 6M->3M(11M) 1.202ms
[3.776s][info][gc] GC(4) Pause Young (Allocation Failure) 6M->5M(11M) 1.498ms
[4.016s][info][gc] GC(5) Pause Young (Allocation Failure) 8M->6M(10M) 1.991ms
[4.085s][info][gc] GC(6) Pause Young (Allocation Failure) 8M->6M(11M) 1.523ms
[10.102s][info][gc] GC(7) Pause Young (Allocation Failure) 8M->7M(11M) 1.010ms
[10.114s][info][gc] GC(8) Pause Full (Ergonomics) 7M->4M(11M) 11.638ms
[25.124s][info][gc] GC(9) Pause Young (Allocation Failure) 6M->4M(11M) 0.311ms
[42.133s][info][gc] GC(10) Pause Young (Allocation Failure) 6M->4M(11M) 0.286ms
[58.141s][info][gc] GC(11) Pause Young (Allocation Failure) 6M->4M(11M) 0.339ms
[75.147s][info][gc] GC(12) Pause Young (Allocation Failure) 6M->4M(11M) 0.249ms
[93.144s][info][gc] GC(13) Pause Young (Allocation Failure) 6M->4M(11M) 0.230ms
[106.162s][info][gc] GC(14) Pause Young (Allocation Failure) 6M->4M(11M) 0.307ms
[124.161s][info][gc] GC(15) Pause Young (Allocation Failure) 6M->4M(11M) 0.226ms
[141.184s][info][gc] GC(16) Pause Young (Allocation Failure) 6M->4M(11M) 0.253ms
[150.193s][info][gc] GC(17) Pause Young (Allocation Failure) 6M->5M(11M) 0.287ms
[168.203s][info][gc] GC(18) Pause Young (Allocation Failure) 7M->5M(11M) 0.277ms
[186.215s][info][gc] GC(19) Pause Young (Allocation Failure) 7M->5M(11M) 0.225ms
[204.226s][info][gc] GC(20) Pause Young (Allocation Failure) 7M->5M(11M) 0.192ms
[222.235s][info][gc] GC(21) Pause Young (Allocation Failure) 7M->5M(11M) 0.195ms
[240.221s][info][gc] GC(22) Pause Young (Allocation Failure) 7M->5M(11M) 0.212ms
[257.261s][info][gc] GC(23) Pause Young (Allocation Failure) 7M->5M(11M) 0.192ms
[275.275s][info][gc] GC(24) Pause Young (Allocation Failure) 7M->5M(11M) 0.193ms
[293.287s][info][gc] GC(25) Pause Young (Allocation Failure) 7M->5M(11M) 0.214ms
[310.296s][info][gc] GC(26) Pause Young (Allocation Failure) 7M->5M(11M) 0.299ms
[319.300s][info][gc] GC(27) Pause Young (Allocation Failure) 7M->6M(11M) 0.248ms
[336.312s][info][gc] GC(28) Pause Young (Allocation Failure) 8M->5M(11M) 0.200ms
[353.323s][info][gc] GC(29) Pause Young (Allocation Failure) 7M->5M(11M) 0.232ms
[370.334s][info][gc] GC(30) Pause Young (Allocation Failure) 7M->5M(11M) 0.256ms
[388.296s][info][gc] GC(31) Pause Young (Allocation Failure) 7M->5M(11M) 0.207ms
[406.307s][info][gc] GC(32) Pause Young (Allocation Failure) 7M->5M(11M) 0.221ms
[411.553s][info][gc] GC(33) Pause Young (Allocation Failure) 7M->6M(11M) 0.264ms
[411.556s][info][gc] GC(34) Pause Young (Allocation Failure) 8M->6M(11M) 0.275ms
[411.562s][info][gc] GC(35) Pause Young (Allocation Failure) 8M->6M(11M) 0.123ms
[411.576s][info][gc] GC(36) Pause Young (Allocation Failure) 8M->6M(11M) 0.128ms
[411.580s][info][gc] GC(37) Pause Young (Allocation Failure) 8M->6M(11M) 0.182ms
[411.582s][info][gc] GC(38) Pause Young (Allocation Failure) 8M->6M(11M) 0.116ms
[411.584s][info][gc] GC(39) Pause Young (Allocation Failure) 8M->7M(11M) 0.127ms
[411.587s][info][gc] GC(40) Pause Young (Allocation Failure) 9M->7M(11M) 0.132ms
[411.589s][info][gc] GC(41) Pause Young (Allocation Failure) 9M->7M(11M) 0.237ms
[411.606s][info][gc] GC(42) Pause Full (Ergonomics) 7M->6M(11M) 16.537ms
[411.608s][info][gc] GC(43) Pause Young (Allocation Failure) 8M->6M(11M) 0.185ms
[411.611s][info][gc] GC(44) Pause Young (Allocation Failure) 8M->6M(11M) 0.112ms
[411.613s][info][gc] GC(45) Pause Young (Allocation Failure) 8M->6M(11M) 0.111ms
[411.616s][info][gc] GC(46) Pause Young (Allocation Failure) 8M->6M(11M) 0.113ms
[411.619s][info][gc] GC(47) Pause Young (Allocation Failure) 8M->6M(11M) 0.125ms
[420.359s][info][gc] GC(48) Pause Young (Allocation Failure) 8M->6M(11M) 0.212ms
[438.365s][info][gc] GC(49) Pause Young (Allocation Failure) 8M->6M(11M) 0.238ms
[456.373s][info][gc] GC(50) Pause Young (Allocation Failure) 8M->6M(11M) 0.246ms
[474.384s][info][gc] GC(51) Pause Young (Allocation Failure) 8M->6M(11M) 0.229ms
[492.395s][info][gc] GC(52) Pause Young (Allocation Failure) 8M->6M(11M) 0.233ms
[510.406s][info][gc] GC(53) Pause Young (Allocation Failure) 8M->6M(11M) 0.228ms
[519.410s][info][gc] GC(54) Pause Young (Allocation Failure) 8M->7M(11M) 0.225ms
[537.419s][info][gc] GC(55) Pause Young (Allocation Failure) 9M->7M(11M) 0.219ms
[537.428s][info][gc] GC(56) Pause Full (Ergonomics) 7M->5M(11M) 8.626ms
[551.424s][info][gc] GC(57) Pause Young (Allocation Failure) 7M->5M(11M) 0.234ms
[569.375s][info][gc] GC(58) Pause Young (Allocation Failure) 7M->5M(11M) 0.233ms
[587.383s][info][gc] GC(59) Pause Young (Allocation Failure) 7M->5M(11M) 0.279ms
[604.453s][info][gc] GC(60) Pause Young (Allocation Failure) 7M->5M(11M) 0.249ms
[622.464s][info][gc] GC(61) Pause Young (Allocation Failure) 7M->5M(11M) 0.217ms
