[2024-09-04T23:29:09.362+0300][info][gc] Using The Z Garbage Collector
[2024-09-04T23:29:09.481+0300][info][gc] GC(0) Garbage Collection (Warmup) 6M(25%)->4M(17%)
[2024-09-04T23:29:10.379+0300][info][gc] GC(1) Garbage Collection (Warmup) 6M(25%)->6M(25%)
[2024-09-04T23:29:13.484+0300][info][gc] GC(2) Garbage Collection (Warmup) 10M(42%)->6M(25%)
[2024-09-04T23:29:13.585+0300][info][gc] GC(3) Garbage Collection (Allocation Rate) 16M(67%)->8M(33%)
[2024-09-04T23:29:13.786+0300][info][gc] GC(4) Garbage Collection (Allocation Rate) 12M(50%)->8M(33%)
[2024-09-04T23:29:13.887+0300][info][gc] GC(5) Garbage Collection (Allocation Rate) 10M(42%)->8M(33%)
[2024-09-04T23:29:13.987+0300][info][gc] GC(6) Garbage Collection (Allocation Rate) 8M(33%)->8M(33%)
[2024-09-04T23:29:14.085+0300][info][gc] GC(7) Garbage Collection (Allocation Rate) 8M(33%)->8M(33%)
[2024-09-04T23:29:14.184+0300][info][gc] GC(8) Garbage Collection (Allocation Rate) 8M(33%)->8M(33%)
[2024-09-04T23:29:29.887+0300][info][gc] GC(9) Garbage Collection (Proactive) 12M(50%)->6M(25%)
[2024-09-04T23:29:41.887+0300][info][gc] GC(10) Garbage Collection (Proactive) 10M(42%)->8M(33%)
[2024-09-04T23:29:52.987+0300][info][gc] GC(11) Garbage Collection (Proactive) 12M(50%)->6M(25%)
[2024-09-04T23:30:04.887+0300][info][gc] GC(12) Garbage Collection (Proactive) 10M(42%)->8M(33%)
[2024-09-04T23:30:22.885+0300][info][gc] GC(13) Garbage Collection (Proactive) 12M(50%)->8M(33%)
[2024-09-04T23:30:47.986+0300][info][gc] GC(14) Garbage Collection (Proactive) 12M(50%)->8M(33%)
[2024-09-04T23:30:59.988+0300][info][gc] GC(15) Garbage Collection (Proactive) 12M(50%)->8M(33%)
[2024-09-04T23:31:13.988+0300][info][gc] GC(16) Garbage Collection (Proactive) 12M(50%)->8M(33%)
[2024-09-04T23:31:27.988+0300][info][gc] GC(17) Garbage Collection (Proactive) 12M(50%)->8M(33%)
[2024-09-04T23:31:41.987+0300][info][gc] GC(18) Garbage Collection (Proactive) 12M(50%)->8M(33%)
[2024-09-04T23:31:55.988+0300][info][gc] GC(19) Garbage Collection (Proactive) 12M(50%)->8M(33%)
[2024-09-04T23:32:09.987+0300][info][gc] GC(20) Garbage Collection (Proactive) 12M(50%)->8M(33%)
[2024-09-04T23:32:23.986+0300][info][gc] GC(21) Garbage Collection (Proactive) 12M(50%)->8M(33%)
[2024-09-04T23:32:37.985+0300][info][gc] GC(22) Garbage Collection (Proactive) 12M(50%)->8M(33%)
[2024-09-04T23:32:51.987+0300][info][gc] GC(23) Garbage Collection (Proactive) 12M(50%)->10M(42%)
[2024-09-04T23:33:18.086+0300][info][gc] GC(24) Garbage Collection (Proactive) 14M(58%)->8M(33%)
[2024-09-04T23:33:30.086+0300][info][gc] GC(25) Garbage Collection (Proactive) 12M(50%)->8M(33%)
[2024-09-04T23:33:36.783+0300][info][gc] GC(26) Garbage Collection (Proactive) 12M(50%)->12M(50%)
[2024-09-04T23:34:03.086+0300][info][gc] GC(27) Garbage Collection (Proactive) 16M(67%)->8M(33%)
[2024-09-04T23:34:16.088+0300][info][gc] GC(28) Garbage Collection (Proactive) 12M(50%)->8M(33%)
[2024-09-04T23:34:30.086+0300][info][gc] GC(29) Garbage Collection (Proactive) 12M(50%)->8M(33%)
[2024-09-04T23:34:44.087+0300][info][gc] GC(30) Garbage Collection (Proactive) 12M(50%)->8M(33%)
[2024-09-04T23:34:57.086+0300][info][gc] GC(31) Garbage Collection (Proactive) 12M(50%)->8M(33%)
[2024-09-04T23:35:11.086+0300][info][gc] GC(32) Garbage Collection (Proactive) 12M(50%)->8M(33%)
[2024-09-04T23:35:25.086+0300][info][gc] GC(33) Garbage Collection (Proactive) 12M(50%)->8M(33%)
[2024-09-04T23:35:39.188+0300][info][gc] GC(34) Garbage Collection (Proactive) 12M(50%)->8M(33%)
[2024-09-04T23:35:53.186+0300][info][gc] GC(35) Garbage Collection (Proactive) 12M(50%)->8M(33%)
[2024-09-04T23:36:07.185+0300][info][gc] GC(36) Garbage Collection (Proactive) 12M(50%)->8M(33%)
[2024-09-04T23:36:14.959+0300][info][gc] Allocation Stall (main) 12.862ms
[2024-09-04T23:36:14.960+0300][info][gc] GC(37) Garbage Collection (Allocation Stall) 24M(100%)->14M(58%)
[2024-09-04T23:36:14.981+0300][info][gc] Allocation Stall (main) 11.157ms
[2024-09-04T23:36:14.982+0300][info][gc] GC(38) Garbage Collection (Allocation Stall) 24M(100%)->14M(58%)
[2024-09-04T23:36:14.998+0300][info][gc] Allocation Stall (main) 9.362ms
[2024-09-04T23:36:14.999+0300][info][gc] GC(39) Garbage Collection (Allocation Stall) 24M(100%)->16M(67%)
[2024-09-04T23:36:15.088+0300][info][gc] GC(40) Garbage Collection (Allocation Rate) 22M(92%)->8M(33%)
[2024-09-04T23:36:15.188+0300][info][gc] GC(41) Garbage Collection (Allocation Rate) 10M(42%)->8M(33%)
[2024-09-04T23:36:15.287+0300][info][gc] GC(42) Garbage Collection (Allocation Rate) 8M(33%)->8M(33%)
[2024-09-04T23:36:15.386+0300][info][gc] GC(43) Garbage Collection (Allocation Rate) 8M(33%)->8M(33%)
[2024-09-04T23:36:15.485+0300][info][gc] GC(44) Garbage Collection (Allocation Rate) 8M(33%)->8M(33%)
[2024-09-04T23:36:15.585+0300][info][gc] GC(45) Garbage Collection (Allocation Rate) 8M(33%)->8M(33%)
[2024-09-04T23:36:15.686+0300][info][gc] GC(46) Garbage Collection (Allocation Rate) 8M(33%)->8M(33%)
[2024-09-04T23:36:15.785+0300][info][gc] GC(47) Garbage Collection (Allocation Rate) 8M(33%)->8M(33%)
[2024-09-04T23:36:16.085+0300][info][gc] GC(48) Garbage Collection (Allocation Rate) 10M(42%)->8M(33%)
[2024-09-04T23:36:16.186+0300][info][gc] GC(49) Garbage Collection (Allocation Rate) 10M(42%)->8M(33%)
[2024-09-04T23:36:16.284+0300][info][gc] GC(50) Garbage Collection (Allocation Rate) 8M(33%)->8M(33%)
[2024-09-04T23:36:16.387+0300][info][gc] GC(51) Garbage Collection (Allocation Rate) 8M(33%)->8M(33%)
[2024-09-04T23:36:16.485+0300][info][gc] GC(52) Garbage Collection (Allocation Rate) 8M(33%)->8M(33%)
[2024-09-04T23:36:16.586+0300][info][gc] GC(53) Garbage Collection (Allocation Rate) 8M(33%)->8M(33%)
[2024-09-04T23:36:16.689+0300][info][gc] GC(54) Garbage Collection (Allocation Rate) 8M(33%)->8M(33%)
[2024-09-04T23:36:16.785+0300][info][gc] GC(55) Garbage Collection (Allocation Rate) 8M(33%)->8M(33%)
[2024-09-04T23:36:30.188+0300][info][gc] GC(56) Garbage Collection (Proactive) 12M(50%)->8M(33%)
[2024-09-04T23:36:44.186+0300][info][gc] GC(57) Garbage Collection (Proactive) 12M(50%)->8M(33%)
[2024-09-04T23:36:58.186+0300][info][gc] GC(58) Garbage Collection (Proactive) 12M(50%)->8M(33%)
[2024-09-04T23:37:12.185+0300][info][gc] GC(59) Garbage Collection (Proactive) 12M(50%)->8M(33%)
[2024-09-04T23:37:26.185+0300][info][gc] GC(60) Garbage Collection (Proactive) 12M(50%)->8M(33%)
[2024-09-04T23:37:40.185+0300][info][gc] GC(61) Garbage Collection (Proactive) 12M(50%)->8M(33%)
[2024-09-04T23:37:54.187+0300][info][gc] GC(62) Garbage Collection (Proactive) 12M(50%)->8M(33%)
[2024-09-04T23:38:08.185+0300][info][gc] GC(63) Garbage Collection (Proactive) 12M(50%)->8M(33%)
[2024-09-04T23:38:22.286+0300][info][gc] GC(64) Garbage Collection (Proactive) 12M(50%)->8M(33%)
[2024-09-04T23:38:23.685+0300][info][gc] GC(65) Garbage Collection (Proactive) 12M(50%)->12M(50%)
[2024-09-04T23:38:52.183+0300][info][gc] GC(66) Garbage Collection (Proactive) 16M(67%)->12M(50%)
[2024-09-04T23:39:18.285+0300][info][gc] GC(67) Garbage Collection (Proactive) 16M(67%)->12M(50%)
[2024-09-04T23:39:47.285+0300][info][gc] GC(68) Garbage Collection (Proactive) 16M(67%)->12M(50%)
[2024-09-04T23:40:14.287+0300][info][gc] GC(69) Garbage Collection (Proactive) 16M(67%)->8M(33%)
[2024-09-04T23:40:28.286+0300][info][gc] GC(70) Garbage Collection (Proactive) 12M(50%)->8M(33%)
[2024-09-04T23:40:42.286+0300][info][gc] GC(71) Garbage Collection (Proactive) 12M(50%)->8M(33%)
[2024-09-04T23:40:56.286+0300][info][gc] GC(72) Garbage Collection (Proactive) 12M(50%)->8M(33%)
[2024-09-04T23:41:10.286+0300][info][gc] GC(73) Garbage Collection (Proactive) 12M(50%)->8M(33%)
[2024-09-04T23:41:24.285+0300][info][gc] GC(74) Garbage Collection (Proactive) 12M(50%)->8M(33%)
